// Jest Snapshot v1, https://goo.gl/fbAQLP

exports[`InfoText component should render if it has a child 1`] = `
<styled.header>
  <styled.p>
    something
  </styled.p>
</styled.header>
`;
